// Jest Snapshot v1, https://goo.gl/fbAQLP

exports[`contact component renders renders 1`] = `
<DocumentFragment>
  <section
    class="my-5"
  >
    <div
      class="container"
    >
      <div
        class="row"
      >
        <div
          class="col-sm"
        >
          <h1>
            Contact me
          </h1>
          <form
            id="contact-form"
          >
            <div>
              <label
                for="name"
              >
                Name:
              </label>
              <input
                name="name"
                type="text"
                value=""
              />
            </div>
            <div>
              <label
                for="email"
              >
                Email address:
              </label>
              <input
                name="email"
                type="email"
                value=""
              />
            </div>
            <div>
              <label
                for="message"
              >
                Message:
              </label>
              <textarea
                name="message"
                rows="5"
              />
            </div>
            <button
              class="btn btn-secondary"
              type="submit"
            >
              Submit
            </button>
          </form>
        </div>
      </div>
    </div>
  </section>
</DocumentFragment>
`;
